2026-09-13T13:49:04.449077Z  INFO bevy_render::renderer: AdapterInfo { name: "Apple M1 Pro", vendor: 0, device: 0, device_type: IntegratedGpu, device_pci_bus_id: "", driver: "", driver_info: "", backend: Metal, subgroup_min_size: 4, subgroup_max_size: 64, transient_saves_memory: true }
2026-09-13T13:49:04.601402Z  INFO bevy_winit::system: Creating new window Burnhop (64v0)
2026-09-13T13:49:04.815132Z  INFO bevy_render::batching::gpu_preprocessing: GPU preprocessing is fully supported on this device.
VISUAL viewport=1280x720 scale=1
VISUAL capture=menu-main tick=0 actor=None local=Player { body: Rect { x: 390.0, y: 1152.0, width: 36.0, height: 68.0 }, velocity: Vec2 { x: 0.0, y: 0.0 }, grounded: true, coyote_ticks: 8, jump_buffer_ticks: 0, fuel: 100.0, fuel_delay_ticks: 0, thrust_latched: false, thrusting: false } remote=Alive
VISUAL capture=spawn tick=0 actor=None local=Player { body: Rect { x: 390.0, y: 1152.0, width: 36.0, height: 68.0 }, velocity: Vec2 { x: 0.0, y: 0.0 }, grounded: true, coyote_ticks: 8, jump_buffer_ticks: 0, fuel: 100.0, fuel_delay_ticks: 0, thrust_latched: false, thrusting: false } remote=Alive
VISUAL capture=menu-join tick=0 actor=None local=Player { body: Rect { x: 390.0, y: 1152.0, width: 36.0, height: 68.0 }, velocity: Vec2 { x: 0.0, y: 0.0 }, grounded: true, coyote_ticks: 8, jump_buffer_ticks: 0, fuel: 100.0, fuel_delay_ticks: 0, thrust_latched: false, thrusting: false } remote=Alive
ONLINE focus lost: input released; server continues
VISUAL capture=menu-connecting tick=0 actor=None local=Player { body: Rect { x: 390.0, y: 1152.0, width: 36.0, height: 68.0 }, velocity: Vec2 { x: 0.0, y: 0.0 }, grounded: true, coyote_ticks: 8, jump_buffer_ticks: 0, fuel: 100.0, fuel_delay_ticks: 0, thrust_latched: false, thrusting: false } remote=Alive
ONLINE assigned actor=Two generation=2 start_tick=2885
ONLINE CONNECTED - Player 2
ONLINE focus lost: input released; server continues
VISUAL capture=menu-paused tick=4256 actor=Some(Two) local=Player { body: Rect { x: 2240.0, y: 1152.0, width: 36.0, height: 68.0 }, velocity: Vec2 { x: 0.0, y: 0.0 }, grounded: true, coyote_ticks: 8, jump_buffer_ticks: 0, fuel: 100.0, fuel_delay_ticks: 0, thrust_latched: false, thrusting: false } remote=Alive
ONLINE focus lost: input released; server continues
ONLINE assigned actor=Two generation=3 start_tick=5468
ONLINE CONNECTED - Player 2
2026-09-13T13:51:35.706425Z ERROR renetcode::client: Failed to update client: disconnected: connection terminated by server
ONLINE DISCONNECTED: disconnected: connection terminated by server - Player 2
VISUAL capture=menu-error tick=0 actor=None local=Player { body: Rect { x: 390.0, y: 1152.0, width: 36.0, height: 68.0 }, velocity: Vec2 { x: 0.0, y: 0.0 }, grounded: true, coyote_ticks: 8, jump_buffer_ticks: 0, fuel: 100.0, fuel_delay_ticks: 0, thrust_latched: false, thrusting: false } remote=Alive
2026-09-13T13:52:36.745356Z  INFO bevy_window::system: No windows are open, exiting
2026-09-13T13:52:36.745665Z  INFO bevy_winit::system: Closing window 64v0
2026-09-13T13:52:36.746101Z  WARN bevy_winit::state: Skipped event Destroyed for unknown winit Window Id WindowId(35294593664)
2026-09-13T13:52:36.752697Z  INFO bevy_window::system: No windows are open, exiting
