2026-09-13T13:44:38.075706Z  INFO bevy_render::renderer: AdapterInfo { name: "Apple M1 Pro", vendor: 0, device: 0, device_type: IntegratedGpu, device_pci_bus_id: "", driver: "", driver_info: "", backend: Metal, subgroup_min_size: 4, subgroup_max_size: 64, transient_saves_memory: true }
2026-09-13T13:44:38.201356Z  INFO bevy_winit::system: Creating new window Burnhop — Combat Practice (64v0)
2026-09-13T13:44:38.386697Z  INFO bevy_render::batching::gpu_preprocessing: GPU preprocessing is fully supported on this device.
EMBER REVIEW start index=0 fixture=Player { body: Rect { x: 285.0, y: 1112.0, width: 36.0, height: 68.0 }, velocity: Vec2 { x: 0.0, y: 0.0 }, grounded: true, coyote_ticks: 8, jump_buffer_ticks: 0, fuel: 60.0, fuel_delay_ticks: 0, thrust_latched: false, thrusting: false }
VISUAL viewport=1280x720 scale=1
VISUAL capture=spawn tick=28 actor=None local=Player { body: Rect { x: 414.6666666666663, y: 1038.5, width: 36.0, height: 68.0 }, velocity: Vec2 { x: 320.0, y: 180.0 }, grounded: false, coyote_ticks: 0, jump_buffer_ticks: 0, fuel: 74.0, fuel_delay_ticks: 0, thrust_latched: false, thrusting: false } remote=Dead { remaining_ticks: 65507 }
VISUAL capture=airborne tick=28 actor=None local=Player { body: Rect { x: 414.6666666666663, y: 1038.5, width: 36.0, height: 68.0 }, velocity: Vec2 { x: 320.0, y: 180.0 }, grounded: false, coyote_ticks: 0, jump_buffer_ticks: 0, fuel: 74.0, fuel_delay_ticks: 0, thrust_latched: false, thrusting: false } remote=Dead { remaining_ticks: 65507 }
EMBER REVIEW pass index=0 ticks=42 fuel=81.000 body=Rect { x: 447.80555555555515, y: 1120.3416666666665, width: 36.0, height: 68.0 }
VISUAL capture=cover-hop tick=72 actor=None local=Player { body: Rect { x: 447.80555555555515, y: 1120.3416666666665, width: 36.0, height: 68.0 }, velocity: Vec2 { x: 0.0, y: 0.0 }, grounded: true, coyote_ticks: 8, jump_buffer_ticks: 0, fuel: 96.0, fuel_delay_ticks: 0, thrust_latched: false, thrusting: false } remote=Dead { remaining_ticks: 65463 }
EMBER REVIEW start index=1 fixture=Player { body: Rect { x: 757.0, y: 1172.0, width: 36.0, height: 68.0 }, velocity: Vec2 { x: 320.0, y: 0.0 }, grounded: true, coyote_ticks: 8, jump_buffer_ticks: 0, fuel: 60.0, fuel_delay_ticks: 0, thrust_latched: false, thrusting: false }
VISUAL capture=moving tick=167 actor=None local=Player { body: Rect { x: 939.8333333333345, y: 1128.574074074073, width: 36.0, height: 68.0 }, velocity: Vec2 { x: 205.0, y: 0.0 }, grounded: true, coyote_ticks: 8, jump_buffer_ticks: 0, fuel: 77.5, fuel_delay_ticks: 0, thrust_latched: false, thrusting: false } remote=Dead { remaining_ticks: 65500 }
EMBER REVIEW pass index=1 ticks=40 fuel=80.000 body=Rect { x: 949.5277777777789, y: 1121.0339506172832, width: 36.0, height: 68.0 }
VISUAL capture=yard-shaft-jump tick=202 actor=None local=Player { body: Rect { x: 949.5277777777789, y: 1121.0339506172832, width: 36.0, height: 68.0 }, velocity: Vec2 { x: 0.0, y: 0.0 }, grounded: true, coyote_ticks: 8, jump_buffer_ticks: 0, fuel: 95.0, fuel_delay_ticks: 0, thrust_latched: false, thrusting: false } remote=Dead { remaining_ticks: 65465 }
EMBER REVIEW start index=2 fixture=Player { body: Rect { x: 220.0, y: 1112.0, width: 36.0, height: 68.0 }, velocity: Vec2 { x: 0.0, y: 0.0 }, grounded: true, coyote_ticks: 8, jump_buffer_ticks: 0, fuel: 60.0, fuel_delay_ticks: 0, thrust_latched: false, thrusting: false }
VISUAL capture=jet tick=263 actor=None local=Player { body: Rect { x: 221.05555555555554, y: 1111.584656084656, width: 36.0, height: 68.0 }, velocity: Vec2 { x: 63.333333333333336, y: -24.920634920634917 }, grounded: false, coyote_ticks: 0, jump_buffer_ticks: 0, fuel: 59.523809523809526, fuel_delay_ticks: 24, thrust_latched: true, thrusting: true } remote=Dead { remaining_ticks: 65534 }
EMBER REVIEW pass index=2 ticks=84 fuel=49.500 body=Rect { x: 365.9166666666666, y: 892.0, width: 36.0, height: 68.0 }
VISUAL capture=F01 tick=376 actor=None local=Player { body: Rect { x: 365.9166666666666, y: 892.0, width: 36.0, height: 68.0 }, velocity: Vec2 { x: 0.0, y: 0.0 }, grounded: true, coyote_ticks: 8, jump_buffer_ticks: 0, fuel: 64.50000000000007, fuel_delay_ticks: 0, thrust_latched: false, thrusting: false } remote=Dead { remaining_ticks: 65421 }
EMBER REVIEW start index=3 fixture=Player { body: Rect { x: 400.0, y: 892.0, width: 36.0, height: 68.0 }, velocity: Vec2 { x: 0.0, y: 0.0 }, grounded: true, coyote_ticks: 8, jump_buffer_ticks: 0, fuel: 60.0, fuel_delay_ticks: 0, thrust_latched: false, thrusting: false }
EMBER REVIEW pass index=3 ticks=92 fuel=53.500 body=Rect { x: 692.8722222222231, y: 752.0, width: 36.0, height: 68.0 }
VISUAL capture=F02 tick=558 actor=None local=Player { body: Rect { x: 692.8722222222231, y: 752.0, width: 36.0, height: 68.0 }, velocity: Vec2 { x: 0.0, y: 0.0 }, grounded: true, coyote_ticks: 8, jump_buffer_ticks: 0, fuel: 68.50000000000007, fuel_delay_ticks: 0, thrust_latched: false, thrusting: false } remote=Dead { remaining_ticks: 65413 }
EMBER REVIEW start index=4 fixture=Player { body: Rect { x: 720.0, y: 752.0, width: 36.0, height: 68.0 }, velocity: Vec2 { x: 0.0, y: 0.0 }, grounded: true, coyote_ticks: 8, jump_buffer_ticks: 0, fuel: 60.0, fuel_delay_ticks: 0, thrust_latched: false, thrusting: false }
EMBER REVIEW pass index=4 ticks=109 fuel=62.000 body=Rect { x: 1119.5388888888895, y: 832.0, width: 36.0, height: 68.0 }
VISUAL capture=F03 tick=757 actor=None local=Player { body: Rect { x: 1119.5388888888895, y: 832.0, width: 36.0, height: 68.0 }, velocity: Vec2 { x: 0.0, y: 0.0 }, grounded: true, coyote_ticks: 8, jump_buffer_ticks: 0, fuel: 77.00000000000007, fuel_delay_ticks: 0, thrust_latched: false, thrusting: false } remote=Dead { remaining_ticks: 65396 }
EMBER REVIEW start index=5 fixture=Player { body: Rect { x: 1150.0, y: 832.0, width: 36.0, height: 68.0 }, velocity: Vec2 { x: 0.0, y: 0.0 }, grounded: true, coyote_ticks: 8, jump_buffer_ticks: 0, fuel: 60.0, fuel_delay_ticks: 0, thrust_latched: false, thrusting: false }
EMBER REVIEW pass index=5 ticks=92 fuel=47.643 body=Rect { x: 1497.6777777777731, y: 582.0, width: 36.0, height: 68.0 }
VISUAL capture=crown-F08 tick=939 actor=None local=Player { body: Rect { x: 1497.6777777777731, y: 582.0, width: 36.0, height: 68.0 }, velocity: Vec2 { x: 0.0, y: 0.0 }, grounded: true, coyote_ticks: 8, jump_buffer_ticks: 0, fuel: 62.642857142857224, fuel_delay_ticks: 0, thrust_latched: false, thrusting: false } remote=Dead { remaining_ticks: 65413 }
EMBER REVIEW start index=6 fixture=Player { body: Rect { x: 1510.0, y: 582.0, width: 36.0, height: 68.0 }, velocity: Vec2 { x: 0.0, y: 0.0 }, grounded: true, coyote_ticks: 8, jump_buffer_ticks: 0, fuel: 60.0, fuel_delay_ticks: 0, thrust_latched: false, thrusting: false }
EMBER REVIEW pass index=6 ticks=112 fuel=63.500 body=Rect { x: 1949.8444444444387, y: 692.0, width: 36.0, height: 68.0 }
VISUAL capture=crown-to-F06 tick=1141 actor=None local=Player { body: Rect { x: 1949.8444444444387, y: 692.0, width: 36.0, height: 68.0 }, velocity: Vec2 { x: 0.0, y: 0.0 }, grounded: true, coyote_ticks: 8, jump_buffer_ticks: 0, fuel: 78.50000000000007, fuel_delay_ticks: 0, thrust_latched: false, thrusting: false } remote=Dead { remaining_ticks: 65393 }
EMBER REVIEW start index=7 fixture=Player { body: Rect { x: 1160.0, y: 832.0, width: 36.0, height: 68.0 }, velocity: Vec2 { x: 0.0, y: 0.0 }, grounded: true, coyote_ticks: 8, jump_buffer_ticks: 0, fuel: 60.0, fuel_delay_ticks: 0, thrust_latched: false, thrusting: false }
EMBER REVIEW pass index=7 ticks=112 fuel=63.500 body=Rect { x: 1675.7888888888822, y: 942.0, width: 36.0, height: 68.0 }
VISUAL capture=risky-F03-F05 tick=1343 actor=None local=Player { body: Rect { x: 1675.7888888888822, y: 942.0, width: 36.0, height: 68.0 }, velocity: Vec2 { x: 0.0, y: 0.0 }, grounded: true, coyote_ticks: 8, jump_buffer_ticks: 0, fuel: 78.50000000000007, fuel_delay_ticks: 0, thrust_latched: false, thrusting: false } remote=Dead { remaining_ticks: 65393 }
EMBER REVIEW start index=8 fixture=Player { body: Rect { x: 1404.0, y: 1492.0, width: 36.0, height: 68.0 }, velocity: Vec2 { x: 320.0, y: 0.0 }, grounded: true, coyote_ticks: 8, jump_buffer_ticks: 0, fuel: 60.0, fuel_delay_ticks: 0, thrust_latched: false, thrusting: false }
EMBER REVIEW pass index=8 ticks=47 fuel=83.500 body=Rect { x: 1630.1944444444416, y: 1512.0, width: 36.0, height: 68.0 }
VISUAL capture=lower-west-east tick=1480 actor=None local=Player { body: Rect { x: 1630.1944444444416, y: 1512.0, width: 36.0, height: 68.0 }, velocity: Vec2 { x: 0.0, y: 0.0 }, grounded: true, coyote_ticks: 8, jump_buffer_ticks: 0, fuel: 98.5, fuel_delay_ticks: 0, thrust_latched: false, thrusting: false } remote=Dead { remaining_ticks: 65458 }
EMBER REVIEW start index=9 fixture=Player { body: Rect { x: 1744.0, y: 1512.0, width: 36.0, height: 68.0 }, velocity: Vec2 { x: 320.0, y: 0.0 }, grounded: true, coyote_ticks: 8, jump_buffer_ticks: 0, fuel: 60.0, fuel_delay_ticks: 0, thrust_latched: false, thrusting: false }
EMBER REVIEW pass index=9 ticks=44 fuel=82.000 body=Rect { x: 1957.8611111111086, y: 1492.0, width: 36.0, height: 68.0 }
VISUAL capture=lower-island-east tick=1614 actor=None local=Player { body: Rect { x: 1957.8611111111086, y: 1492.0, width: 36.0, height: 68.0 }, velocity: Vec2 { x: 0.0, y: 0.0 }, grounded: true, coyote_ticks: 8, jump_buffer_ticks: 0, fuel: 97.0, fuel_delay_ticks: 0, thrust_latched: false, thrusting: false } remote=Dead { remaining_ticks: 65461 }
EMBER REVIEW start index=10 fixture=Player { body: Rect { x: 1900.0, y: 1492.0, width: 36.0, height: 68.0 }, velocity: Vec2 { x: -320.0, y: 0.0 }, grounded: true, coyote_ticks: 8, jump_buffer_ticks: 0, fuel: 60.0, fuel_delay_ticks: 0, thrust_latched: false, thrusting: false }
EMBER REVIEW pass index=10 ticks=43 fuel=81.500 body=Rect { x: 1698.1388888888912, y: 1512.0, width: 36.0, height: 68.0 }
VISUAL capture=lower-east-island tick=1747 actor=None local=Player { body: Rect { x: 1698.1388888888912, y: 1512.0, width: 36.0, height: 68.0 }, velocity: Vec2 { x: 0.0, y: 0.0 }, grounded: true, coyote_ticks: 8, jump_buffer_ticks: 0, fuel: 96.5, fuel_delay_ticks: 0, thrust_latched: false, thrusting: false } remote=Dead { remaining_ticks: 65462 }
EMBER REVIEW start index=11 fixture=Player { body: Rect { x: 1580.0, y: 1512.0, width: 36.0, height: 68.0 }, velocity: Vec2 { x: -320.0, y: 0.0 }, grounded: true, coyote_ticks: 8, jump_buffer_ticks: 0, fuel: 60.0, fuel_delay_ticks: 0, thrust_latched: false, thrusting: false }
EMBER REVIEW pass index=11 ticks=42 fuel=81.000 body=Rect { x: 1379.6111111111134, y: 1505.9365079365066, width: 36.0, height: 68.0 }
VISUAL capture=lower-island-west tick=1879 actor=None local=Player { body: Rect { x: 1379.6111111111134, y: 1505.9365079365066, width: 36.0, height: 68.0 }, velocity: Vec2 { x: 0.0, y: 0.0 }, grounded: true, coyote_ticks: 8, jump_buffer_ticks: 0, fuel: 96.0, fuel_delay_ticks: 0, thrust_latched: false, thrusting: false } remote=Dead { remaining_ticks: 65463 }
EMBER REVIEW start index=12 fixture=Player { body: Rect { x: 1730.0, y: 1512.0, width: 36.0, height: 68.0 }, velocity: Vec2 { x: 0.0, y: 0.0 }, grounded: true, coyote_ticks: 8, jump_buffer_ticks: 0, fuel: 60.0, fuel_delay_ticks: 0, thrust_latched: false, thrusting: false }
EMBER REVIEW pass index=12 ticks=97 fuel=44.286 body=Rect { x: 1634.277777777778, y: 1202.0, width: 36.0, height: 68.0 }
VISUAL capture=M2-U05-F04 tick=2066 actor=None local=Player { body: Rect { x: 1634.277777777778, y: 1202.0, width: 36.0, height: 68.0 }, velocity: Vec2 { x: 0.0, y: 0.0 }, grounded: true, coyote_ticks: 8, jump_buffer_ticks: 0, fuel: 59.28571428571438, fuel_delay_ticks: 0, thrust_latched: false, thrusting: false } remote=Dead { remaining_ticks: 65408 }
EMBER REVIEW start index=13 fixture=Player { body: Rect { x: 1600.0, y: 1202.0, width: 36.0, height: 68.0 }, velocity: Vec2 { x: 0.0, y: 0.0 }, grounded: true, coyote_ticks: 8, jump_buffer_ticks: 0, fuel: 60.0, fuel_delay_ticks: 0, thrust_latched: false, thrusting: false }
EMBER REVIEW pass index=13 ticks=91 fuel=47.143 body=Rect { x: 1680.6388888888887, y: 942.0, width: 36.0, height: 68.0 }
VISUAL capture=M2-F04-F05 tick=2247 actor=None local=Player { body: Rect { x: 1680.6388888888887, y: 942.0, width: 36.0, height: 68.0 }, velocity: Vec2 { x: 0.0, y: 0.0 }, grounded: true, coyote_ticks: 8, jump_buffer_ticks: 0, fuel: 62.142857142857224, fuel_delay_ticks: 0, thrust_latched: false, thrusting: false } remote=Dead { remaining_ticks: 65414 }
EMBER REVIEW start index=14 fixture=Player { body: Rect { x: 1700.0, y: 942.0, width: 36.0, height: 68.0 }, velocity: Vec2 { x: 0.0, y: 0.0 }, grounded: true, coyote_ticks: 8, jump_buffer_ticks: 0, fuel: 60.0, fuel_delay_ticks: 0, thrust_latched: false, thrusting: false }
EMBER REVIEW pass index=14 ticks=92 fuel=47.643 body=Rect { x: 1950.094444444442, y: 692.0, width: 36.0, height: 68.0 }
VISUAL capture=M2-F05-F06 tick=2429 actor=None local=Player { body: Rect { x: 1950.094444444442, y: 692.0, width: 36.0, height: 68.0 }, velocity: Vec2 { x: 0.0, y: 0.0 }, grounded: true, coyote_ticks: 8, jump_buffer_ticks: 0, fuel: 62.642857142857224, fuel_delay_ticks: 0, thrust_latched: false, thrusting: false } remote=Dead { remaining_ticks: 65413 }
EMBER REVIEW start index=15 fixture=Player { body: Rect { x: 935.0, y: 1572.0, width: 36.0, height: 68.0 }, velocity: Vec2 { x: 0.0, y: 0.0 }, grounded: true, coyote_ticks: 8, jump_buffer_ticks: 0, fuel: 60.0, fuel_delay_ticks: 0, thrust_latched: false, thrusting: false }
EMBER REVIEW pass index=15 ticks=55 fuel=40.952 body=Rect { x: 843.3444444444443, y: 1372.0, width: 36.0, height: 68.0 }
VISUAL capture=M1-floor-U12 tick=2574 actor=None local=Player { body: Rect { x: 843.3444444444443, y: 1372.0, width: 36.0, height: 68.0 }, velocity: Vec2 { x: 0.0, y: 0.0 }, grounded: true, coyote_ticks: 8, jump_buffer_ticks: 0, fuel: 51.95238095238102, fuel_delay_ticks: 0, thrust_latched: false, thrusting: false } remote=Dead { remaining_ticks: 65450 }
EMBER REVIEW start index=16 fixture=Player { body: Rect { x: 840.0, y: 1372.0, width: 36.0, height: 68.0 }, velocity: Vec2 { x: 0.0, y: 0.0 }, grounded: true, coyote_ticks: 8, jump_buffer_ticks: 0, fuel: 60.0, fuel_delay_ticks: 0, thrust_latched: false, thrusting: false }
EMBER REVIEW pass index=16 ticks=86 fuel=50.500 body=Rect { x: 742.4444444444443, y: 1172.0, width: 36.0, height: 68.0 }
VISUAL capture=M1-U12-surface tick=2750 actor=None local=Player { body: Rect { x: 742.4444444444443, y: 1172.0, width: 36.0, height: 68.0 }, velocity: Vec2 { x: 0.0, y: 0.0 }, grounded: true, coyote_ticks: 8, jump_buffer_ticks: 0, fuel: 65.50000000000007, fuel_delay_ticks: 0, thrust_latched: false, thrusting: false } remote=Dead { remaining_ticks: 65419 }
EMBER REVIEW start index=17 fixture=Player { body: Rect { x: 2720.0, y: 1572.0, width: 36.0, height: 68.0 }, velocity: Vec2 { x: 0.0, y: 0.0 }, grounded: true, coyote_ticks: 8, jump_buffer_ticks: 0, fuel: 60.0, fuel_delay_ticks: 0, thrust_latched: false, thrusting: false }
EMBER REVIEW pass index=17 ticks=92 fuel=47.643 body=Rect { x: 2619.4444444444434, y: 1322.0, width: 36.0, height: 68.0 }
VISUAL capture=M3-floor-U11 tick=2932 actor=None local=Player { body: Rect { x: 2619.4444444444434, y: 1322.0, width: 36.0, height: 68.0 }, velocity: Vec2 { x: 0.0, y: 0.0 }, grounded: true, coyote_ticks: 8, jump_buffer_ticks: 0, fuel: 62.642857142857224, fuel_delay_ticks: 0, thrust_latched: false, thrusting: false } remote=Dead { remaining_ticks: 65413 }
EMBER REVIEW start index=18 fixture=Player { body: Rect { x: 2650.0, y: 1322.0, width: 36.0, height: 68.0 }, velocity: Vec2 { x: 0.0, y: 0.0 }, grounded: true, coyote_ticks: 8, jump_buffer_ticks: 0, fuel: 60.0, fuel_delay_ticks: 0, thrust_latched: false, thrusting: false }
EMBER REVIEW pass index=18 ticks=91 fuel=47.143 body=Rect { x: 2730.583333333334, y: 1064.2333333333336, width: 36.0, height: 68.0 }
VISUAL capture=M3-U11-surface tick=3113 actor=None local=Player { body: Rect { x: 2730.583333333334, y: 1064.2333333333336, width: 36.0, height: 68.0 }, velocity: Vec2 { x: 0.0, y: 0.0 }, grounded: true, coyote_ticks: 8, jump_buffer_ticks: 0, fuel: 62.142857142857224, fuel_delay_ticks: 0, thrust_latched: false, thrusting: false } remote=Dead { remaining_ticks: 65414 }
EMBER REVIEW start index=19 fixture=Player { body: Rect { x: 3100.0, y: 1472.0, width: 36.0, height: 68.0 }, velocity: Vec2 { x: 0.0, y: 0.0 }, grounded: true, coyote_ticks: 8, jump_buffer_ticks: 0, fuel: 60.0, fuel_delay_ticks: 0, thrust_latched: false, thrusting: false }
EMBER REVIEW pass index=19 ticks=94 fuel=42.786 body=Rect { x: 3029.4166666666665, y: 1132.0, width: 36.0, height: 68.0 }
VISUAL capture=M4-outer tick=3297 actor=None local=Player { body: Rect { x: 3029.4166666666665, y: 1132.0, width: 36.0, height: 68.0 }, velocity: Vec2 { x: 0.0, y: 0.0 }, grounded: true, coyote_ticks: 8, jump_buffer_ticks: 0, fuel: 57.78571428571438, fuel_delay_ticks: 0, thrust_latched: false, thrusting: false } remote=Dead { remaining_ticks: 65411 }
EMBER REVIEW start index=20 fixture=Player { body: Rect { x: 1980.0, y: 692.0, width: 36.0, height: 68.0 }, velocity: Vec2 { x: 0.0, y: 0.0 }, grounded: true, coyote_ticks: 8, jump_buffer_ticks: 0, fuel: 60.0, fuel_delay_ticks: 0, thrust_latched: false, thrusting: false }
EMBER REVIEW pass index=20 ticks=57 fuel=88.500 body=Rect { x: 2240.277777777781, y: 862.0, width: 36.0, height: 68.0 }
VISUAL capture=F06-F07 tick=3444 actor=None local=Player { body: Rect { x: 2240.277777777781, y: 862.0, width: 36.0, height: 68.0 }, velocity: Vec2 { x: 0.0, y: 0.0 }, grounded: true, coyote_ticks: 8, jump_buffer_ticks: 0, fuel: 100.0, fuel_delay_ticks: 0, thrust_latched: false, thrusting: false } remote=Dead { remaining_ticks: 65448 }
EMBER REVIEW start index=21 fixture=Player { body: Rect { x: 2990.0, y: 1132.0, width: 36.0, height: 68.0 }, velocity: Vec2 { x: 0.0, y: 0.0 }, grounded: true, coyote_ticks: 8, jump_buffer_ticks: 0, fuel: 60.0, fuel_delay_ticks: 0, thrust_latched: false, thrusting: false }
EMBER REVIEW pass index=21 ticks=96 fuel=43.786 body=Rect { x: 2800.17222222222, y: 812.0, width: 36.0, height: 68.0 }
VISUAL capture=F09-lookout tick=3630 actor=None local=Player { body: Rect { x: 2800.17222222222, y: 812.0, width: 36.0, height: 68.0 }, velocity: Vec2 { x: 0.0, y: 0.0 }, grounded: true, coyote_ticks: 8, jump_buffer_ticks: 0, fuel: 58.78571428571438, fuel_delay_ticks: 0, thrust_latched: false, thrusting: false } remote=Dead { remaining_ticks: 65409 }
EMBER REVIEW start index=22 fixture=Player { body: Rect { x: 1010.0, y: 1572.0, width: 36.0, height: 68.0 }, velocity: Vec2 { x: 0.0, y: 0.0 }, grounded: true, coyote_ticks: 8, jump_buffer_ticks: 0, fuel: 60.0, fuel_delay_ticks: 0, thrust_latched: false, thrusting: false }
VISUAL capture=west-sleeve-inside tick=3756 actor=None local=Player { body: Rect { x: 1154.5000000000034, y: 1585.7993949266936, width: 36.0, height: 54.20060507330696 }, velocity: Vec2 { x: 160.0, y: 0.0 }, grounded: true, coyote_ticks: 8, jump_buffer_ticks: 0, fuel: 93.0, fuel_delay_ticks: 0, thrust_latched: false, thrusting: false } remote=Dead { remaining_ticks: 65469 }
EMBER REVIEW pass index=22 ticks=107 fuel=100.000 body=Rect { x: 1259.6111111111175, y: 1585.7993949266936, width: 36.0, height: 54.20060507330696 }
VISUAL capture=west-crouch tick=3827 actor=None local=Player { body: Rect { x: 1259.6111111111175, y: 1585.7993949266936, width: 36.0, height: 54.20060507330696 }, velocity: Vec2 { x: 0.0, y: 0.0 }, grounded: true, coyote_ticks: 8, jump_buffer_ticks: 0, fuel: 100.0, fuel_delay_ticks: 0, thrust_latched: false, thrusting: false } remote=Dead { remaining_ticks: 65398 }
EMBER REVIEW start index=23 fixture=Player { body: Rect { x: 1252.0, y: 1572.0, width: 36.0, height: 68.0 }, velocity: Vec2 { x: 0.0, y: 0.0 }, grounded: true, coyote_ticks: 8, jump_buffer_ticks: 0, fuel: 60.0, fuel_delay_ticks: 0, thrust_latched: false, thrusting: false }
VISUAL capture=sleeve-reverse tick=3953 actor=None local=Player { body: Rect { x: 1107.499999999996, y: 1585.7993949266936, width: 36.0, height: 54.20060507330696 }, velocity: Vec2 { x: -160.0, y: 0.0 }, grounded: true, coyote_ticks: 8, jump_buffer_ticks: 0, fuel: 93.0, fuel_delay_ticks: 0, thrust_latched: false, thrusting: false } remote=Dead { remaining_ticks: 65469 }
EMBER REVIEW pass index=23 ticks=104 fuel=100.000 body=Rect { x: 1010.3888888888827, y: 1585.7993949266936, width: 36.0, height: 54.20060507330696 }
VISUAL capture=west-crouch-reverse tick=4021 actor=None local=Player { body: Rect { x: 1010.3888888888827, y: 1585.7993949266936, width: 36.0, height: 54.20060507330696 }, velocity: Vec2 { x: 0.0, y: 0.0 }, grounded: true, coyote_ticks: 8, jump_buffer_ticks: 0, fuel: 100.0, fuel_delay_ticks: 0, thrust_latched: false, thrusting: false } remote=Dead { remaining_ticks: 65401 }
EMBER REVIEW start index=24 fixture=Player { body: Rect { x: 2410.0, y: 1572.0, width: 36.0, height: 68.0 }, velocity: Vec2 { x: 0.0, y: 0.0 }, grounded: true, coyote_ticks: 8, jump_buffer_ticks: 0, fuel: 60.0, fuel_delay_ticks: 0, thrust_latched: false, thrusting: false }
VISUAL capture=east-sleeve-inside tick=4147 actor=None local=Player { body: Rect { x: 2554.4999999999923, y: 1585.7993949266936, width: 36.0, height: 54.20060507330696 }, velocity: Vec2 { x: 160.0, y: 0.0 }, grounded: true, coyote_ticks: 8, jump_buffer_ticks: 0, fuel: 93.0, fuel_delay_ticks: 0, thrust_latched: false, thrusting: false } remote=Dead { remaining_ticks: 65469 }
EMBER REVIEW pass index=24 ticks=122 fuel=100.000 body=Rect { x: 2699.611111111096, y: 1585.7993949266936, width: 36.0, height: 54.20060507330696 }
VISUAL capture=east-crouch tick=4233 actor=None local=Player { body: Rect { x: 2699.611111111096, y: 1585.7993949266936, width: 36.0, height: 54.20060507330696 }, velocity: Vec2 { x: 0.0, y: 0.0 }, grounded: true, coyote_ticks: 8, jump_buffer_ticks: 0, fuel: 100.0, fuel_delay_ticks: 0, thrust_latched: false, thrusting: false } remote=Dead { remaining_ticks: 65383 }
EMBER REVIEW start index=25 fixture=Player { body: Rect { x: 2690.0, y: 1572.0, width: 36.0, height: 68.0 }, velocity: Vec2 { x: 0.0, y: 0.0 }, grounded: true, coyote_ticks: 8, jump_buffer_ticks: 0, fuel: 60.0, fuel_delay_ticks: 0, thrust_latched: false, thrusting: false }
EMBER REVIEW pass index=25 ticks=120 fuel=100.000 body=Rect { x: 2405.722222222237, y: 1585.7993949266936, width: 36.0, height: 54.20060507330696 }
VISUAL capture=east-crouch-reverse tick=4443 actor=None local=Player { body: Rect { x: 2405.722222222237, y: 1585.7993949266936, width: 36.0, height: 54.20060507330696 }, velocity: Vec2 { x: 0.0, y: 0.0 }, grounded: true, coyote_ticks: 8, jump_buffer_ticks: 0, fuel: 100.0, fuel_delay_ticks: 0, thrust_latched: false, thrusting: false } remote=Dead { remaining_ticks: 65385 }
EMBER REVIEW start index=26 fixture=Player { body: Rect { x: 1490.0, y: 1100.0, width: 36.0, height: 68.0 }, velocity: Vec2 { x: 0.0, y: 0.0 }, grounded: false, coyote_ticks: 0, jump_buffer_ticks: 0, fuel: 31.0, fuel_delay_ticks: 0, thrust_latched: false, thrusting: false }
EMBER recovery tick=4583 fuel=71.000 hp=57
EMBER REVIEW pass index=26 ticks=80 fuel=71.000 body=Rect { x: 200.0, y: 1112.0, width: 36.0, height: 68.0 }
VISUAL capture=void-one-recovered tick=4613 actor=None local=Player { body: Rect { x: 200.0, y: 1112.0, width: 36.0, height: 68.0 }, velocity: Vec2 { x: 0.0, y: 0.0 }, grounded: true, coyote_ticks: 8, jump_buffer_ticks: 0, fuel: 86.0, fuel_delay_ticks: 0, thrust_latched: false, thrusting: false } remote=Alive
EMBER REVIEW start index=27 fixture=Player { body: Rect { x: 1810.0, y: 1100.0, width: 36.0, height: 68.0 }, velocity: Vec2 { x: 0.0, y: 0.0 }, grounded: false, coyote_ticks: 0, jump_buffer_ticks: 0, fuel: 31.0, fuel_delay_ticks: 0, thrust_latched: false, thrusting: false }
EMBER recovery tick=4753 fuel=71.000 hp=57
EMBER REVIEW pass index=27 ticks=80 fuel=71.000 body=Rect { x: 200.0, y: 1112.0, width: 36.0, height: 68.0 }
VISUAL capture=void-two-recovered tick=4783 actor=None local=Player { body: Rect { x: 200.0, y: 1112.0, width: 36.0, height: 68.0 }, velocity: Vec2 { x: 0.0, y: 0.0 }, grounded: true, coyote_ticks: 8, jump_buffer_ticks: 0, fuel: 86.0, fuel_delay_ticks: 0, thrust_latched: false, thrusting: false } remote=Alive
EMBER REVIEW complete: 26 traversals + 2 real falls; injected fixtures, not human feel approval
VISUAL capture=manual-01 tick=6360 actor=None local=Player { body: Rect { x: 200.0, y: 1112.0, width: 36.0, height: 68.0 }, velocity: Vec2 { x: 0.0, y: 0.0 }, grounded: true, coyote_ticks: 8, jump_buffer_ticks: 0, fuel: 100.0, fuel_delay_ticks: 0, thrust_latched: false, thrusting: false } remote=Alive
VISUAL capture=menu-paused tick=6361 actor=None local=Player { body: Rect { x: 200.0, y: 1112.0, width: 36.0, height: 68.0 }, velocity: Vec2 { x: 0.0, y: 0.0 }, grounded: true, coyote_ticks: 8, jump_buffer_ticks: 0, fuel: 100.0, fuel_delay_ticks: 0, thrust_latched: false, thrusting: false } remote=Alive
VISUAL capture=menu-main tick=0 actor=None local=Player { body: Rect { x: 390.0, y: 1152.0, width: 36.0, height: 68.0 }, velocity: Vec2 { x: 0.0, y: 0.0 }, grounded: true, coyote_ticks: 8, jump_buffer_ticks: 0, fuel: 100.0, fuel_delay_ticks: 0, thrust_latched: false, thrusting: false } remote=Alive
VISUAL capture=death tick=600 actor=None local=Player { body: Rect { x: 390.0, y: 1152.0, width: 36.0, height: 68.0 }, velocity: Vec2 { x: 0.0, y: 0.0 }, grounded: true, coyote_ticks: 8, jump_buffer_ticks: 0, fuel: 100.0, fuel_delay_ticks: 0, thrust_latched: false, thrusting: false } remote=Alive
VISUAL capture=respawn tick=780 actor=None local=Player { body: Rect { x: 390.0, y: 1152.0, width: 36.0, height: 68.0 }, velocity: Vec2 { x: 0.0, y: 0.0 }, grounded: true, coyote_ticks: 8, jump_buffer_ticks: 0, fuel: 100.0, fuel_delay_ticks: 0, thrust_latched: false, thrusting: false } remote=Alive
VISUAL capture=manual-02 tick=880 actor=None local=Player { body: Rect { x: 391.05555555555554, y: 1152.0, width: 36.0, height: 68.0 }, velocity: Vec2 { x: 0.0, y: 0.0 }, grounded: true, coyote_ticks: 8, jump_buffer_ticks: 0, fuel: 100.0, fuel_delay_ticks: 0, thrust_latched: false, thrusting: false } remote=Alive
VISUAL viewport=480x320 scale=1
VISUAL capture=small tick=880 actor=None local=Player { body: Rect { x: 391.05555555555554, y: 1152.0, width: 36.0, height: 68.0 }, velocity: Vec2 { x: 0.0, y: 0.0 }, grounded: true, coyote_ticks: 8, jump_buffer_ticks: 0, fuel: 100.0, fuel_delay_ticks: 0, thrust_latched: false, thrusting: false } remote=Alive
VISUAL capture=manual-03 tick=880 actor=None local=Player { body: Rect { x: 391.05555555555554, y: 1152.0, width: 36.0, height: 68.0 }, velocity: Vec2 { x: 0.0, y: 0.0 }, grounded: true, coyote_ticks: 8, jump_buffer_ticks: 0, fuel: 100.0, fuel_delay_ticks: 0, thrust_latched: false, thrusting: false } remote=Alive
VISUAL capture=manual-04 tick=0 actor=None local=Player { body: Rect { x: 390.0, y: 1152.0, width: 36.0, height: 68.0 }, velocity: Vec2 { x: 0.0, y: 0.0 }, grounded: true, coyote_ticks: 8, jump_buffer_ticks: 0, fuel: 100.0, fuel_delay_ticks: 0, thrust_latched: false, thrusting: false } remote=Alive
VISUAL capture=manual-05 tick=983 actor=None local=Player { body: Rect { x: 231.83333333333334, y: 1112.0, width: 36.0, height: 68.0 }, velocity: Vec2 { x: 320.0, y: 0.0 }, grounded: true, coyote_ticks: 8, jump_buffer_ticks: 0, fuel: 100.0, fuel_delay_ticks: 0, thrust_latched: false, thrusting: false } remote=Alive
VISUAL capture=menu-host tick=0 actor=None local=Player { body: Rect { x: 390.0, y: 1152.0, width: 36.0, height: 68.0 }, velocity: Vec2 { x: 0.0, y: 0.0 }, grounded: true, coyote_ticks: 8, jump_buffer_ticks: 0, fuel: 100.0, fuel_delay_ticks: 0, thrust_latched: false, thrusting: false } remote=Alive
ONLINE focus lost: input released; server continues
VISUAL capture=menu-connecting tick=0 actor=None local=Player { body: Rect { x: 390.0, y: 1152.0, width: 36.0, height: 68.0 }, velocity: Vec2 { x: 0.0, y: 0.0 }, grounded: true, coyote_ticks: 8, jump_buffer_ticks: 0, fuel: 100.0, fuel_delay_ticks: 0, thrust_latched: false, thrusting: false } remote=Alive
ONLINE assigned actor=One generation=1 start_tick=7
ONLINE CONNECTED - Player 1
ONLINE focus lost: input released; server continues
VISUAL capture=menu-confirm-stop tick=5948 actor=Some(One) local=Player { body: Rect { x: 390.0, y: 1152.0, width: 36.0, height: 68.0 }, velocity: Vec2 { x: 0.0, y: 0.0 }, grounded: true, coyote_ticks: 8, jump_buffer_ticks: 0, fuel: 100.0, fuel_delay_ticks: 0, thrust_latched: false, thrusting: false } remote=Alive
VISUAL capture=manual-06 tick=7024 actor=Some(One) local=Player { body: Rect { x: 390.0, y: 1152.0, width: 36.0, height: 68.0 }, velocity: Vec2 { x: 0.0, y: 0.0 }, grounded: true, coyote_ticks: 8, jump_buffer_ticks: 0, fuel: 100.0, fuel_delay_ticks: 0, thrust_latched: false, thrusting: false } remote=Alive
2026-09-13T13:51:26.499417Z ERROR renetcode::server: Failed to process packet: packet is too small
2026-09-13T13:51:26.499458Z ERROR renetcode::server: Failed to process packet: packet is too small
2026-09-13T13:51:26.499469Z ERROR renetcode::server: Failed to process packet: packet is too small
2026-09-13T13:51:26.499476Z ERROR renetcode::server: Failed to process packet: packet is too small
2026-09-13T13:51:26.499482Z ERROR renetcode::server: Failed to process packet: packet is too small
2026-09-13T13:51:26.499488Z ERROR renetcode::server: Failed to process packet: packet is too small
2026-09-13T13:51:26.499493Z ERROR renetcode::server: Failed to process packet: packet is too small
2026-09-13T13:51:26.499499Z ERROR renetcode::server: Failed to process packet: packet is too small
2026-09-13T13:51:26.499504Z ERROR renetcode::server: Failed to process packet: packet is too small
2026-09-13T13:51:26.500523Z ERROR renetcode::server: Failed to process packet: packet is too small
ONLINE focus lost: input released; server continues
ONLINE focus lost: input released; server continues
ONLINE assigned actor=One generation=1 start_tick=8
ONLINE CONNECTED - Player 1
2026-09-13T13:52:28.291414Z  INFO bevy_window::system: No windows are open, exiting
2026-09-13T13:52:28.291476Z  INFO bevy_winit::system: Closing window 64v0
2026-09-13T13:52:28.291898Z  WARN bevy_winit::state: Skipped event Destroyed for unknown winit Window Id WindowId(46165099136)
2026-09-13T13:52:31.300269Z  INFO bevy_render::renderer: AdapterInfo { name: "Apple M1 Pro", vendor: 0, device: 0, device_type: IntegratedGpu, device_pci_bus_id: "", driver: "", driver_info: "", backend: Metal, subgroup_min_size: 4, subgroup_max_size: 64, transient_saves_memory: true }
2026-09-13T13:52:31.429786Z  INFO bevy_winit::system: Creating new window Burnhop — Combat Practice (64v0)
2026-09-13T13:52:31.690435Z  INFO bevy_render::batching::gpu_preprocessing: GPU preprocessing is fully supported on this device.
EMBER REVIEW start index=0 fixture=Player { body: Rect { x: 285.0, y: 1112.0, width: 36.0, height: 68.0 }, velocity: Vec2 { x: 0.0, y: 0.0 }, grounded: true, coyote_ticks: 8, jump_buffer_ticks: 0, fuel: 60.0, fuel_delay_ticks: 0, thrust_latched: false, thrusting: false }
VISUAL viewport=1280x720 scale=1
VISUAL capture=spawn tick=29 actor=None local=Player { body: Rect { x: 419.9999999999996, y: 1041.9166666666667, width: 36.0, height: 68.0 }, velocity: Vec2 { x: 320.0, y: 205.0 }, grounded: false, coyote_ticks: 0, jump_buffer_ticks: 0, fuel: 74.5, fuel_delay_ticks: 0, thrust_latched: false, thrusting: false } remote=Dead { remaining_ticks: 65506 }
VISUAL capture=airborne tick=29 actor=None local=Player { body: Rect { x: 419.9999999999996, y: 1041.9166666666667, width: 36.0, height: 68.0 }, velocity: Vec2 { x: 320.0, y: 205.0 }, grounded: false, coyote_ticks: 0, jump_buffer_ticks: 0, fuel: 74.5, fuel_delay_ticks: 0, thrust_latched: false, thrusting: false } remote=Dead { remaining_ticks: 65506 }
EMBER REVIEW pass index=0 ticks=42 fuel=81.000 body=Rect { x: 447.80555555555515, y: 1120.3416666666665, width: 36.0, height: 68.0 }
VISUAL capture=cover-hop tick=72 actor=None local=Player { body: Rect { x: 447.80555555555515, y: 1120.3416666666665, width: 36.0, height: 68.0 }, velocity: Vec2 { x: 0.0, y: 0.0 }, grounded: true, coyote_ticks: 8, jump_buffer_ticks: 0, fuel: 96.0, fuel_delay_ticks: 0, thrust_latched: false, thrusting: false } remote=Dead { remaining_ticks: 65463 }
EMBER REVIEW start index=1 fixture=Player { body: Rect { x: 757.0, y: 1172.0, width: 36.0, height: 68.0 }, velocity: Vec2 { x: 320.0, y: 0.0 }, grounded: true, coyote_ticks: 8, jump_buffer_ticks: 0, fuel: 60.0, fuel_delay_ticks: 0, thrust_latched: false, thrusting: false }
VISUAL capture=moving tick=167 actor=None local=Player { body: Rect { x: 939.8333333333345, y: 1128.574074074073, width: 36.0, height: 68.0 }, velocity: Vec2 { x: 205.0, y: 0.0 }, grounded: true, coyote_ticks: 8, jump_buffer_ticks: 0, fuel: 77.5, fuel_delay_ticks: 0, thrust_latched: false, thrusting: false } remote=Dead { remaining_ticks: 65500 }
EMBER REVIEW pass index=1 ticks=40 fuel=80.000 body=Rect { x: 949.5277777777789, y: 1121.0339506172832, width: 36.0, height: 68.0 }
VISUAL capture=yard-shaft-jump tick=202 actor=None local=Player { body: Rect { x: 949.5277777777789, y: 1121.0339506172832, width: 36.0, height: 68.0 }, velocity: Vec2 { x: 0.0, y: 0.0 }, grounded: true, coyote_ticks: 8, jump_buffer_ticks: 0, fuel: 95.0, fuel_delay_ticks: 0, thrust_latched: false, thrusting: false } remote=Dead { remaining_ticks: 65465 }
EMBER REVIEW start index=2 fixture=Player { body: Rect { x: 220.0, y: 1112.0, width: 36.0, height: 68.0 }, velocity: Vec2 { x: 0.0, y: 0.0 }, grounded: true, coyote_ticks: 8, jump_buffer_ticks: 0, fuel: 60.0, fuel_delay_ticks: 0, thrust_latched: false, thrusting: false }
VISUAL capture=jet tick=263 actor=None local=Player { body: Rect { x: 221.05555555555554, y: 1111.584656084656, width: 36.0, height: 68.0 }, velocity: Vec2 { x: 63.333333333333336, y: -24.920634920634917 }, grounded: false, coyote_ticks: 0, jump_buffer_ticks: 0, fuel: 59.523809523809526, fuel_delay_ticks: 24, thrust_latched: true, thrusting: true } remote=Dead { remaining_ticks: 65534 }
EMBER REVIEW pass index=2 ticks=84 fuel=49.500 body=Rect { x: 365.9166666666666, y: 892.0, width: 36.0, height: 68.0 }
VISUAL capture=F01 tick=376 actor=None local=Player { body: Rect { x: 365.9166666666666, y: 892.0, width: 36.0, height: 68.0 }, velocity: Vec2 { x: 0.0, y: 0.0 }, grounded: true, coyote_ticks: 8, jump_buffer_ticks: 0, fuel: 64.50000000000007, fuel_delay_ticks: 0, thrust_latched: false, thrusting: false } remote=Dead { remaining_ticks: 65421 }
EMBER REVIEW start index=3 fixture=Player { body: Rect { x: 400.0, y: 892.0, width: 36.0, height: 68.0 }, velocity: Vec2 { x: 0.0, y: 0.0 }, grounded: true, coyote_ticks: 8, jump_buffer_ticks: 0, fuel: 60.0, fuel_delay_ticks: 0, thrust_latched: false, thrusting: false }
2026-09-13T13:53:12.062927Z  INFO bevy_window::system: No windows are open, exiting
2026-09-13T13:53:12.063949Z  INFO bevy_winit::system: Closing window 64v0
2026-09-13T13:53:12.064363Z  WARN bevy_winit::state: Skipped event Destroyed for unknown winit Window Id WindowId(38129762944)
